mode: set
github.com/absfs/nilfs/nilfile.go:11.27,13.2 1 1
github.com/absfs/nilfs/nilfile.go:15.41,17.2 1 1
github.com/absfs/nilfs/nilfile.go:19.60,21.2 1 1
github.com/absfs/nilfs/nilfile.go:23.42,25.2 1 1
github.com/absfs/nilfs/nilfile.go:27.61,29.2 1 1
github.com/absfs/nilfs/nilfile.go:31.27,33.2 1 1
github.com/absfs/nilfs/nilfile.go:35.67,37.2 1 1
github.com/absfs/nilfs/nilfile.go:39.41,41.2 1 1
github.com/absfs/nilfs/nilfile.go:43.26,45.2 1 1
github.com/absfs/nilfs/nilfile.go:47.51,49.2 1 1
github.com/absfs/nilfs/nilfile.go:51.51,53.2 1 1
github.com/absfs/nilfs/nilfile.go:55.40,57.2 1 1
github.com/absfs/nilfs/nilfile.go:59.54,61.2 1 1
github.com/absfs/nilfs/nilfile.go:63.51,65.2 1 0
github.com/absfs/nilfs/nilfs.go:13.35,15.2 1 1
github.com/absfs/nilfs/nilfs.go:17.45,19.2 1 1
github.com/absfs/nilfs/nilfs.go:21.52,23.2 1 1
github.com/absfs/nilfs/nilfs.go:25.37,27.2 1 1
github.com/absfs/nilfs/nilfs.go:29.58,31.2 1 1
github.com/absfs/nilfs/nilfs.go:33.60,35.2 1 1
github.com/absfs/nilfs/nilfs.go:37.60,39.2 1 1
github.com/absfs/nilfs/nilfs.go:41.63,43.2 1 1
github.com/absfs/nilfs/nilfs.go:45.66,47.2 1 1
github.com/absfs/nilfs/nilfs.go:49.90,51.2 1 1
github.com/absfs/nilfs/nilfs.go:53.46,55.2 1 1
github.com/absfs/nilfs/nilfs.go:57.49,59.2 1 1
github.com/absfs/nilfs/nilfs.go:61.58,63.2 1 1
github.com/absfs/nilfs/nilfs.go:65.59,67.2 1 1
github.com/absfs/nilfs/nilfs.go:70.63,72.2 1 1
github.com/absfs/nilfs/nilfs.go:75.81,77.2 1 1
github.com/absfs/nilfs/nilfs.go:80.59,82.2 1 1
github.com/absfs/nilfs/nilfs.go:84.60,86.2 1 1
github.com/absfs/nilfs/nilfs.go:88.60,90.2 1 1
github.com/absfs/nilfs/nilfs.go:92.58,94.2 1 1
github.com/absfs/nilfs/nilfs.go:96.59,98.2 1 1
github.com/absfs/nilfs/nilfs.go:100.64,102.2 1 0
github.com/absfs/nilfs/nilfs.go:104.58,106.2 1 0
github.com/absfs/nilfs/nilfs.go:108.53,110.2 1 0
